# mfeature.lst - 接続素性定義
# 
# Copyright (c) 2023 Ricoh Company, Ltd.
# 
# Licensed under the Apache License, Version 2.0 (the "License");
# you may not use this file except in compliance with the License.
# You may obtain a copy of the License at
# 
#     http://www.apache.org/licenses/LICENSE-2.0
# 
# Unless required by applicable law or agreed to in writing, software
# distributed under the License is distributed on an "AS IS" BASIS,
# WITHOUT WARRANTIES OR CONDITIONS OF ANY KIND, either express or implied.
# See the License for the specific language governing permissions and
# limitations under the License.
# 

################################################################################
# 名詞接続の追加/制限
################################################################################

～名詞
	*	形容動詞.一般
	T	＠名詞 数詞 ＠副助詞体言

！名詞
	*	名詞.副詞 副詞 形容動詞.一般
	Q	名詞.サ変 名詞.一般 名詞.形動 名詞.固有 名詞.接尾辞 形容動詞.一般

直接指示＝
	*	名詞.接助 名詞.指示 名詞.副詞
	O	名詞.一般 名詞.サ変 名詞.接尾辞

名詞！
	*	数詞
	q	名詞.サ変 名詞.一般 ＠名詞形式 名詞.形動 名詞.固有 名詞.接尾辞

################################################################################
# 名詞性の追加/制限
################################################################################

＝名詞
	*	＠未然連用動詞 ＠連用動詞 形容詞.連体,ナイ.文語.シ 形容詞.未然連用
	s	＠格助詞 ＠副助詞
	y	＠助動断定 助動詞.ミタイダ 助動詞.ラシイ
	b	接尾辞
	s	副助詞.ジャ 副助詞.ニャ

！格助詞
	*	名詞.一般
	X	＠格助詞
	X	副助詞.ジャ 副助詞.ニャ

～格助詞の
	*	＠形動 副詞 副助詞.ハ
	s	格助詞.ノ

～格助詞と
	*	接続詞 副助詞.ハ
	s	格助詞.ト

################################################################################
# 形容動詞性の追加/制限（助動詞.ダとの接続）
################################################################################

＝形動
	*	名詞.サ変 接尾辞
	t++++++	助動詞.ダ
	Q	格助詞.ニ

～助動詞.ダ
	*	副詞 連体詞 接尾辞 副助詞.ハ
	t	助動詞.ダ 助動詞.デス

～助動詞だ
	*	名詞.形動 連体詞 副詞
	t	助動詞.ダ.終止 助動詞.ダ.仮定 助動詞.ダ.ウ接続 助動詞.ダ.終止,口語 助動詞.ダ.音便,口語 助動詞.ダ.ウ接続,口語 助動詞.デス.終止 助動詞.デス.ウ接続

！助動詞だ
	*	動詞.終止連体,ラ行五段.口語
	X	助動詞.ダ 助動詞.デス

！助動詞だ弱
	*	数詞
	Q	助動詞.ダ 助動詞.デス

～助動詞な
	*	名詞.接助 名詞.形動 名詞.副詞 接尾辞 ＠形動 副詞
	t	助動詞.ダ.連体

！助動詞な
	*	＠名詞 ＠形動
	X	助動詞.ダ.連体

～助動詞に
	*	名詞.形動 連体詞 副詞
	t	助動詞.ダ.連用,ニ 助動詞.ダ.連用,ニャ 助動詞.ダ.連用,ン

！助動詞に
	*	名詞.形動 名詞.副詞 ＠形動 形容動詞.一般
	X	助動詞.ダ.連用,ニ 助動詞.ダ.連用,ニャ 助動詞.ダ.連用,ン

################################################################################
# その他、助動詞に対する接続
################################################################################

～助動詞.ガル
	*	名詞.形動 ＠形動
	t	助動詞.ガル
	*	＠語幹形容
	y	助動詞.ガル

！助動詞れる
	*	動詞.未然,カ行五段
	X	助動詞.レル

################################################################################
# 接尾辞の詳細化（「＝形動」「～助動詞.ダ」「～助動詞な」も該当）
################################################################################

数量～
	*	接尾辞 名詞.接尾辞 名詞.一般
	b	助数詞 数詞

＝副詞
	*	接尾辞 形容動詞.一般 名詞.指示 助動詞.ナイ.連用
	O	記号.一般 記号.開き括弧,一般 ＠接頭辞 ＠形動 数詞 連体詞 副詞 感動詞 ＠動詞 形容詞 名詞.サ変 名詞.一般 名詞.形動 名詞.固有 名詞.接尾辞 名詞.指示 名詞.副詞

助数詞～
	*	接尾辞
	h	助数詞

指示～
	*	名詞.接助 接尾辞
	F	名詞.指示

名詞.形式～
	*	接尾辞
	F	名詞.形式

形動形容語幹～
	*	接尾辞 ＠補助動詞
	b	形容動詞.一般 形容詞.語幹 補助形容詞 名詞.形動 助動詞.ラシイ.語幹 補助形容詞,ヨイ

＝サ変
	*	接尾辞 形容動詞.一般 名詞.接尾辞
	y	補助動詞,サ変

副助詞か～
	*	接尾辞
	b	副助詞.カ

動詞終体～
	*	接尾辞
	T	＠終体動詞 ＠終体助動 ＠終体補助動詞

################################################################################
# サ変名詞関連
################################################################################

体言動詞化＝
	*	＠補助動詞非テデ接続 動詞.未然連用,サ変 動詞,ラ行五段
	y	名詞.サ変 未登録語.名詞,サ変 未登録語.カタカナ
	q	＠未然連用動詞 ＠連用動詞 動詞.連用,一段
	F	名詞.一般
	q	記号.閉じ括弧,一般
	X	＠未然形 ＠未然ウ動詞 ＠連体形 ＠終体形 ＠仮定形 ＠仮定命令形 ＠命令形 ＠音便形

サ変＝
	*	補助動詞,サ変
	y	名詞.サ変 未登録語.名詞,サ変 未登録語.カタカナ ＠未然連用形容 副詞
	q	＠未然連用動詞 ＠連用動詞 動詞.連用,一段
	F	名詞.一般
	q	記号.閉じ括弧,一般
	X	＠未然形 ＠未然ウ動詞 ＠連体形 ＠終体形 ＠仮定形 ＠仮定命令形 ＠命令形 ＠音便形

################################################################################
# 副詞の詳細化
################################################################################

～助動詞と
	*	副詞
	t	助動詞.タリ.連用

～形容性
	*	副詞
	y	形容詞 ＠形動 名詞.形動
	q	＠動詞 名詞.一般 名詞.接尾辞 名詞.形式 名詞.接助 名詞.副詞

################################################################################
# 終助詞の詳細化
################################################################################

名詞類～
	*	終助詞
	s	＠名詞

助詞て～
	*	終助詞
	r	接続助詞.テ

終助詞～
	*	終助詞
	r+++	終助詞

～句点
	*	終助詞
	r	記号.句点 記号.ピリオド
	q	格助詞.ト

ウ接続～
	*	終助詞
	q	＠未然ウ動詞 ＠未然ウ補助動詞５ 助動詞.ヨウ.ウ接続

連用終体ん～
	*	終助詞
	y	＠口語連用形
	s	＠口語終体形

命令～
	*	終助詞
	s	＠仮定命令動詞 ＠仮定命令補助動詞 ＠命令動詞接よ ＠命令補助動詞接よ ＠命令助動

命令化＝
	*	終助詞
	s	＠未然連用動詞 ＠未然連用補助動詞 ＠連用動詞 ＠連用補助動詞 助動詞.サセル.連用 助動詞.セル.未然連用仮定 助動詞.ラレル.連用 助動詞.レル.連用 助動詞.メル.未然連用 助動詞.ガル.連用

言い止め＝
	*	終助詞
	r	接続助詞.カラ 接続助詞.ガ 接続助詞.ケレド 接続助詞.シ 接続助詞.タリ 接続助詞.タリ,濁音 接続助詞.ツツ 接続助詞.テモ 接続助詞.テ,濁音 接続助詞.テモ,濁音 接続助詞.ト 接続助詞.ノデ 接続助詞.ノニ 接続助詞.バ 接続助詞.チャ 接続助詞.ニャ
	s	副詞

助動そう～
	*	終助詞
	r	助動詞.ソウダ伝.語幹

################################################################################
# その他
################################################################################

文頭＝
	*	接続詞
	X	＠名詞 ＠助詞 ＠接辞 接続詞 ＠形動 数詞 連体詞 副詞 感動詞 ＠動詞 ＠形容詞 ＠助動 ＠未登録語
	K	記号.句点 記号.読点
	Q	記号.一般

＝可能形
	*	＠仮定動詞 ＠仮定命令動詞 ＠仮定補助動詞 ＠仮定命令補助動詞
	q++	接続助詞.テ 助動詞.マス 助動詞.タ 助動詞.ソウダ推 助動詞.タリ ＠助動受動
	q++++++	＠助動打消
	s++	＠補助動詞テ接続

～数詞
	*	名詞.副詞
	O	数詞

＝数量
	*	＠名詞
	F	助数詞
	s	副助詞.ズツ

～副助詞は
	*	＠名詞 副詞
	s	副助詞.ハ

～動詞
	*	感動詞
	Y	＠動詞

形容詞化～
	*	補助形容詞
	t	＠名詞 接尾辞 助数詞 形容動詞.一般 副詞
	y	＠終体形 ＠未然連用動詞 ＠未然連用補助動詞 ＠連用動詞 ＠連用補助動詞
	O--	記号.閉じ括弧,一般
	X	接続助詞.テ 接続助詞.テモ ＠未然連用助動 ＠連用助動

連用形容～
	*	接続助詞.テモ
	X	＠記号 ＠助詞 ＠名詞 ＠接辞 ＠動詞 ＠補助動詞 ＠形容詞 ＠補助形容詞 ＠形動 ＠助動 副詞
	s	＠未然連用形容 形容詞.未然連用,口語.クッ 形容詞.未然連用,ナイ.口語.クッ 補助形容詞.未然連用,口語.クッ 補助形容詞.未然連用,ヨイ.口語.クッ
	r	助動詞.ナイ.連用 助動詞.ナイ.連用,口語.クッ 助動詞.タイ.連用 助動詞.タイ.連用,口語.クッ 助動詞.ラシイ.連用 助動詞.ラシイ.連用,口語.クッ

詠嘆～
	*	名詞.形式
	T	助動詞.ダ.終止 助動詞.ダ.終止,口語 助動詞.デス.終止 助動詞.ガチダ.終止 助動詞.ガチダ.終止,口語 助動詞.ソウダ推.終止 助動詞.ソウダ推.終止,口語 助動詞.ミタイダ.終止 助動詞.ミタイダ.終止,口語
	T	助動詞.タ.終止連体 助動詞.タ.終止連体,濁音 助動詞.マス.終止連体

～ソウダ推
	*	形容詞.ソウ接続
	y	助動詞.ソウダ推

ソウ接続～
	*	補助動詞,一段
	y	形容詞.ソウ接続 形容詞.ソウ接続,ナイ 助動詞.ナイ.語幹 助動詞.ナイ.ソウ接続

！格副助詞
	*	形容動詞.一般
	Q	＠格助詞 ＠副助詞

形動形容語幹！
	*	接尾辞
	Q	形容動詞.一般

接尾辞！
	*	接尾辞
	Q	接尾辞

未然連用形容～
	*	動詞,ラ行五段 補助動詞,ラ行五段
	y	形容詞.未然連用 形容詞.未然連用,口語.イ 形容詞.未然連用,ナイ 補助形容詞.未然連用 補助形容詞.未然連用,ヨイ
	y	助動詞.タイ.連用 助動詞.ラシイ.連用 助動詞.ミタイダ.連用

＝命令
	*	動詞.連用,一段 補助動詞.連用,一段
	K	＠記号

未然！
	*	動詞.連用,ワ行五段
	Q	＠未然形 ＠口語未然形 接続助詞.テ 接続助詞.テ,濁音
	Q	＠未然連用動詞 ＠未然連用助動 ＠未然連用補助動詞
	Q	形容詞.未然連用 形容詞.未然連用,ナイ 補助形容詞.未然連用 補助形容詞.未然連用,ヨイ 助動詞.ラシイ.連用 形容詞.未然連用,口語.イ

連用動詞！
	*	補助動詞,ラ行五段
	Q	＠未然連用動詞 ＠未然連用補助動詞 ＠連用動詞 ＠連用補助動詞

病院名＝
	*	名詞.固有
	O	名詞.固有

ケア＝
	*	名詞.固有
	O	名詞.固有

機関名＝
	*	名詞.固有
	O	名詞.固有

医学＝
	*	名詞.固有 名詞.一般 名詞.サ変 名詞.形動
	O	名詞.固有

人名姓名＝
	*	名詞.固有 副詞 助数詞 名詞.サ変 名詞.一般 名詞.副詞 名詞.形動 名詞.指示 名詞.接尾辞 形容動詞.一般 接尾辞 接頭辞.一般 数詞
	O	名詞.固有

人名姓＝
	*	名詞.固有 副詞 助数詞 名詞.サ変 名詞.一般 名詞.副詞 名詞.形動 名詞.形式 名詞.指示 名詞.接助 名詞.接尾辞 形容動詞.一般 形容動詞.文語 接尾辞 接続詞 接頭辞.一般 数詞 連体詞
	O	名詞.固有

人名名＝
	*	名詞.固有 副詞 助数詞 名詞.サ変 名詞.一般 名詞.副詞 名詞.形動 名詞.形式 名詞.指示 名詞.接尾辞 形容動詞.一般 形容動詞.文語 接尾辞 接頭辞.一般 接頭辞.数詞
	O	名詞.固有

地名＝
	*	名詞.固有
	O	名詞.固有

人名姓名地名＝
	*	名詞.固有
	O	名詞.固有

人名姓地名＝
	*	名詞.固有
	O	名詞.固有

人名名地名＝
	*	名詞.固有
	O	名詞.固有

################################################################################
# 使用されていない/機能していないもの
################################################################################

＝接尾辞
	*	＠名詞
	Q	数詞
	O	名詞.一般 名詞.サ変
	q	接尾辞

～数量
	*	名詞.一般
	h	接頭辞.数詞

################################################################################
# カタカナ語対応
################################################################################

！未登録語カタ
	*	＠単語Ｌ
	X	未登録語.カタカナ

未登録語カタ！
	*	＠単語Ｒ
	X	未登録語.カタカナ

＝形動カタ
	*	＠名詞 接尾辞
	t+++	助動詞.ダ
	t	助動詞.ソウダ推

